Microchip MPLAB XC8 Compiler V1.35 ()

Linker command line:

--edf=C:\Program Files (x86)\Microchip\xc8\v1.35\dat\en_msgs.txt -cs \
  -h+dist/default/production\pic18_nrf.X.production.sym \
  --cmf=dist/default/production\pic18_nrf.X.production.cmf -z -Q18F24K20 \
  -oC:\Users\Anand\AppData\Local\Temp\s28s.2 \
  -Mdist/default/production/pic18_nrf.X.production.map -E1 -ver=XC8 \
  -ASTACK=060h-02ffh -pstack=STACK -ACODE=00h-03FFFh -ACONST=00h-03FFFh \
  -ASMALLCONST=0300h-03FFhx61 -AMEDIUMCONST=0300h-03FFFh -ACOMRAM=01h-05Fh \
  -AABS1=00h-02FFh -ABIGRAM=01h-02FFh -ARAM=060h-0FFh,0100h-01FFhx2 \
  -ABANK0=060h-0FFh -ABANK1=0100h-01FFh -ABANK2=0200h-02FFh \
  -ASFR=0F60h-0FFFh \
  -preset_vec=00h,intcode=08h,intcodelo,powerup,init,end_init \
  -pramtop=0300h -psmallconst=SMALLCONST -pmediumconst=MEDIUMCONST \
  -pconst=CONST -AFARRAM=00h-00h -ACONFIG=0300000h-030000Dh -pconfig=CONFIG \
  -AIDLOC=0200000h-0200007h -pidloc=IDLOC -AEEDATA=0F00000h-0F000FFh \
  -peeprom_data=EEDATA \
  -prdata=COMRAM,nvrram=COMRAM,nvbit=COMRAM,rbss=COMRAM,rbit=COMRAM \
  -pfarbss=FARRAM,fardata=FARRAM,nvFARRAM=FARRAM \
  -pintsave_regs=BIGRAM,bigbss=BIGRAM,bigdata=BIGRAM -pbss=RAM \
  -pidata=CODE,irdata=CODE,ibigdata=CODE,ifardata=CODE -prparam=COMRAM \
  C:\Users\Anand\AppData\Local\Temp\s28s.obj \
  dist/default/production\pic18_nrf.X.production.obj 

Object code version is 3.11

Machine type is 18F24K20

Call graph: (short form)




                Name                               Link     Load   Length Selector   Space Scale
C:\Users\Anand\AppData\Local\Temp\s28s.obj
                end_init                             2C       2C        4        4       0
                reset_vec                             0        0        4        0       0
                idloc                            200000   200000        8   200000       0
                config                           300000   300000        E   300000       0
dist/default/production\pic18_nrf.X.production.obj
                intcode                               8        8       24        4       0
                temp                                 45       45        1        1       1
                text14                              45E      45E       22        4       0
                text13                              128      128       76        4       0
                text12                              4A4      4A4        C        4       0
                text11                              498      498        C        4       0
                text10                              410      410       28        4       0
                text9                               2D0      2D0       4A        4       0
                text8                               360      360       42        4       0
                text7                               48C      48C        C        4       0
                text6                               3DC      3DC       34        4       0
                text5                               27E      27E       52        4       0
                text4                               438      438       26        4       0
                text3                               19E      19E       72        4       0
                text2                                30       30       F8        4       0
                text1                               31A      31A       46        4       0
                text0                               210      210       6E        4       0
                cstackCOMRAM                          1        1       1D        1       1
                dataCOMRAM                           39       39        C        1       1
                bssCOMRAM                            1E       1E       1B        1       1
                cinit                               3A2      3A2       3A        4       0
                idataCOMRAM                         480      480        C        4       0

TOTAL           Name                               Link     Load   Length     Space
        CLASS   STACK          

        CLASS   CODE           
                end_init                             2C       2C        4         0
                intcode                               8        8       24         0
                reset_vec                             0        0        4         0
                text14                              45E      45E       22         0
                text13                              128      128       76         0
                text12                              4A4      4A4        C         0
                text11                              498      498        C         0
                text10                              410      410       28         0
                text9                               2D0      2D0       4A         0
                text8                               360      360       42         0
                text7                               48C      48C        C         0
                text6                               3DC      3DC       34         0
                text5                               27E      27E       52         0
                text4                               438      438       26         0
                text3                               19E      19E       72         0
                text2                                30       30       F8         0
                text1                               31A      31A       46         0
                text0                               210      210       6E         0
                cinit                               3A2      3A2       3A         0
                idataCOMRAM                         480      480        C         0

        CLASS   CONST          

        CLASS   SMALLCONST     

        CLASS   MEDIUMCONST    

        CLASS   COMRAM         
                temp                                 45       45        1         1
                cstackCOMRAM                          1        1       1D         1
                dataCOMRAM                           39       39        C         1
                bssCOMRAM                            1E       1E       1B         1

        CLASS   ABS1           

        CLASS   BIGRAM         

        CLASS   RAM            

        CLASS   BANK0          

        CLASS   BANK1          

        CLASS   BANK2          

        CLASS   SFR            

        CLASS   FARRAM         

        CLASS   CONFIG         
                config                           300000   300000        E         0

        CLASS   IDLOC          
                idloc                            200000   200000        8         0

        CLASS   EEDATA         



SEGMENTS        Name                           Load    Length   Top    Selector   Space  Class

                reset_vec                      000000  000004  000004         0       0  CODE    
                cstackCOMRAM                   000001  000045  000046         1       1  COMRAM  
                intcode                        000008  0004A8  0004B0         4       0  CODE    
                idloc                          200000  000008  200008    200000       0  IDLOC   
                config                         300000  00000E  30000E    300000       0  CONFIG  


UNUSED ADDRESS RANGES

        Name                Unused          Largest block    Delta
        BANK0            000060-0000FF               A0
        BANK1            000100-0001FF              100
        BANK2            000200-0002FF              100
        BIGRAM           000046-0002FF              2BA
        CODE             000004-000007                4
                         0004B0-003FFF             3B50
        COMRAM           000046-00005F               1A
        CONST            000004-000007                4
                         0004B0-003FFF             3B50
        EEDATA           F00000-F000FF              100
        MEDIUMCONST      0004B0-003FFF             3B50
        RAM              000060-0002FF              100
        SFR              000F60-000FFF               A0
        SMALLCONST       0004B0-003FFF              100
        STACK            000060-0002FF              2A0

                                  Symbol Table

?_rxdt                   cstackCOMRAM 00000D
RXpayload@pload          cstackCOMRAM 000007
RXpayload@tcount         cstackCOMRAM 000008
TXpayload@pload          cstackCOMRAM 000008
TXpayload@tcount         cstackCOMRAM 000009
_ADCON0bits              (abs)        000FC2
_ADCON1                  (abs)        000FC1
_ADCON2                  (abs)        000FC0
_ADRESH                  (abs)        000FC4
_ANSEL                   (abs)        000F7E
_ANSELH                  (abs)        000F7F
_CCP1CON                 (abs)        000FBD
_CM1CON0                 (abs)        000F7B
_CM2CON0                 (abs)        000F7A
_INTCON2bits             (abs)        000FF1
_INTCONbits              (abs)        000FF2
_LATBbits                (abs)        000F8A
_LATCbits                (abs)        000F8B
_OSCCONbits              (abs)        000FD3
_PORTAbits               (abs)        000F80
_PORTBbits               (abs)        000F81
_PORTCbits               (abs)        000F82
_RXpayload               text6        0003DC
_T0CONbits               (abs)        000FD5
_TMR0L                   (abs)        000FD6
_TRIGGER_DELAY           bssCOMRAM    000020
_TRISAbits               (abs)        000F92
_TRISBbits               (abs)        000F93
_TRISCbits               (abs)        000F94
_TXpayload               text5        00027E
_Trigger_Triac           intcode      000008
_WPUBbits                (abs)        000F7C
__CFG_BOREN$OFF          (abs)        000000
__CFG_BORV$18            (abs)        000000
__CFG_CCP2MX$PORTC       (abs)        000000
__CFG_CP0$OFF            (abs)        000000
__CFG_CP1$OFF            (abs)        000000
__CFG_CPB$OFF            (abs)        000000
__CFG_CPD$OFF            (abs)        000000
__CFG_EBTR0$OFF          (abs)        000000
__CFG_EBTR1$OFF          (abs)        000000
__CFG_EBTRB$OFF          (abs)        000000
__CFG_FCMEN$OFF          (abs)        000000
__CFG_FOSC$INTIO67       (abs)        000000
__CFG_HFOFST$ON          (abs)        000000
__CFG_IESO$OFF           (abs)        000000
__CFG_LPT1OSC$OFF        (abs)        000000
__CFG_LVP$OFF            (abs)        000000
__CFG_MCLRE$OFF          (abs)        000000
__CFG_PBADEN$OFF         (abs)        000000
__CFG_PWRT$OFF           (abs)        000000
__CFG_STVREN$ON          (abs)        000000
__CFG_WDTEN$OFF          (abs)        000000
__CFG_WDTPS$32768        (abs)        000000
__CFG_WRT0$OFF           (abs)        000000
__CFG_WRT1$OFF           (abs)        000000
__CFG_WRTB$OFF           (abs)        000000
__CFG_WRTC$OFF           (abs)        000000
__CFG_WRTD$OFF           (abs)        000000
__CFG_XINST$OFF          (abs)        000000
__HRAM                   (abs)        000000
__Habs1                  abs1         000000
__Hbank0                 bank0        000000
__Hbank1                 bank1        000000
__Hbank2                 bank2        000000
__Hbigbss                bigbss       000000
__Hbigdata               bigdata      000000
__Hbigram                bigram       000000
__Hbss                   bss          000000
__HbssCOMRAM             bssCOMRAM    000000
__Hcinit                 cinit        000000
__Hclrtext               clrtext      000000
__Hcomram                comram       000000
__Hconfig                config       30000E
__Hconst                 const        000000
__HcstackCOMRAM          cstackCOMRAM 000000
__Hdata                  data         000000
__HdataCOMRAM            dataCOMRAM   000000
__Heeprom_data           eeprom_data  000000
__Hend_init              end_init     000030
__Hfarbss                farbss       000000
__Hfardata               fardata      000000
__Hibigdata              ibigdata     000000
__Hidata                 idata        000000
__HidataCOMRAM           idataCOMRAM  000000
__Hidloc                 idloc        200008
__Hifardata              ifardata     000000
__Hinit                  init         00002C
__Hintcode               intcode      00002C
__Hintcode_body          intcode_body 000000
__Hintcodelo             intcodelo    00002C
__Hintentry              intentry     000000
__Hintret                intret       000000
__Hintsave_regs          intsave_regs 000000
__Hirdata                irdata       000000
__Hmediumconst           mediumconst  000000
__HnvFARRAM              nvFARRAM     000000
__Hnvbit                 nvbit        000000
__Hnvrram                nvrram       000000
__Hparam                 rparam       000000
__Hpowerup               powerup      00002C
__Hram                   ram          000000
__Hramtop                ramtop       000300
__Hrbit                  rbit         000000
__Hrbss                  rbss         000000
__Hrdata                 rdata        000000
__Hreset_vec             reset_vec    000004
__Hrparam                rparam       000000
__Hsfr                   sfr          000000
__Hsmallconst            smallconst   000000
__Hspace_0               (abs)        30000E
__Hspace_1               (abs)        000046
__Hspace_2               (abs)        000000
__Hstack                 stack        000000
__Hstruct                struct       000000
__Htemp                  temp         000046
__Htext                  text         000000
__Htext0                 text0        000000
__Htext1                 text1        000000
__Htext10                text10       000000
__Htext11                text11       000000
__Htext12                text12       000000
__Htext13                text13       000000
__Htext14                text14       000000
__Htext2                 text2        000000
__Htext3                 text3        000000
__Htext4                 text4        000000
__Htext5                 text5        000000
__Htext6                 text6        000000
__Htext7                 text7        000000
__Htext8                 text8        000000
__Htext9                 text9        000000
__LRAM                   (abs)        000001
__Labs1                  abs1         000000
__Lbank0                 bank0        000000
__Lbank1                 bank1        000000
__Lbank2                 bank2        000000
__Lbigbss                bigbss       000000
__Lbigdata               bigdata      000000
__Lbigram                bigram       000000
__Lbss                   bss          000000
__LbssCOMRAM             bssCOMRAM    000000
__Lcinit                 cinit        000000
__Lclrtext               clrtext      000000
__Lcomram                comram       000000
__Lconfig                config       300000
__Lconst                 const        000000
__LcstackCOMRAM          cstackCOMRAM 000000
__Ldata                  data         000000
__LdataCOMRAM            dataCOMRAM   000000
__Leeprom_data           eeprom_data  000000
__Lend_init              end_init     00002C
__Lfarbss                farbss       000000
__Lfardata               fardata      000000
__Libigdata              ibigdata     000000
__Lidata                 idata        000000
__LidataCOMRAM           idataCOMRAM  000000
__Lidloc                 idloc        200000
__Lifardata              ifardata     000000
__Linit                  init         00002C
__Lintcode               intcode      000008
__Lintcode_body          intcode_body 000000
__Lintcodelo             intcodelo    00002C
__Lintentry              intentry     000000
__Lintret                intret       000000
__Lintsave_regs          intsave_regs 000000
__Lirdata                irdata       000000
__Lmediumconst           mediumconst  000000
__LnvFARRAM              nvFARRAM     000000
__Lnvbit                 nvbit        000000
__Lnvrram                nvrram       000000
__Lparam                 rparam       000000
__Lpowerup               powerup      00002C
__Lram                   ram          000000
__Lramtop                ramtop       000300
__Lrbit                  rbit         000000
__Lrbss                  rbss         000000
__Lrdata                 rdata        000000
__Lreset_vec             reset_vec    000000
__Lrparam                rparam       000000
__Lsfr                   sfr          000000
__Lsmallconst            smallconst   000000
__Lspace_0               (abs)        000000
__Lspace_1               (abs)        000000
__Lspace_2               (abs)        000000
__Lstack                 stack        000000
__Lstruct                struct       000000
__Ltemp                  temp         000045
__Ltext                  text         000000
__Ltext0                 text0        000000
__Ltext1                 text1        000000
__Ltext10                text10       000000
__Ltext11                text11       000000
__Ltext12                text12       000000
__Ltext13                text13       000000
__Ltext14                text14       000000
__Ltext2                 text2        000000
__Ltext3                 text3        000000
__Ltext4                 text4        000000
__Ltext5                 text5        000000
__Ltext6                 text6        000000
__Ltext7                 text7        000000
__Ltext8                 text8        000000
__Ltext9                 text9        000000
__S0                     (abs)        30000E
__S1                     (abs)        000046
__S2                     (abs)        000000
___inthi_sp              stack        000000
___intlo_sp              stack        000000
___param_bank            (abs)        000010
___rparam_used           (abs)        000001
___sp                    stack        000000
__accesstop              (abs)        000060
__activetblptr           (abs)        000002
__end_of_RXpayload       text6        000410
__end_of_TXpayload       text5        0002D0
__end_of_Trigger_Triac   intcode      00002C
__end_of__initialization cinit        0003CE
__end_of_delay_ms        text14       000480
__end_of_init_hardware   text8        0003A2
__end_of_init_nrf        text9        00031A
__end_of_init_spi        text7        000498
__end_of_main            text0        00027E
__end_of_nrf_FLUSH_RX    text12       0004B0
__end_of_nrf_FLUSH_TX    text11       0004A4
__end_of_rx_mode         text10       000438
__end_of_rxdt            text2        000128
__end_of_send_data       text3        000210
__end_of_send_init       text1        000360
__end_of_tx_mode         text4        00045E
__end_of_xmitbyte        text13       00019E
__initialization         cinit        0003A2
__mediumconst            mediumconst  000000
__pbssCOMRAM             bssCOMRAM    00001E
__pcinit                 cinit        0003A2
__pcstackCOMRAM          cstackCOMRAM 000001
__pdataCOMRAM            dataCOMRAM   000039
__pidataCOMRAM           idataCOMRAM  000480
__pintcode               intcode      000008
__ptext0                 text0        000210
__ptext1                 text1        00031A
__ptext10                text10       000410
__ptext11                text11       000498
__ptext12                text12       0004A4
__ptext13                text13       000128
__ptext14                text14       00045E
__ptext2                 text2        000030
__ptext3                 text3        00019E
__ptext4                 text4        000438
__ptext5                 text5        00027E
__ptext6                 text6        0003DC
__ptext7                 text7        00048C
__ptext8                 text8        000360
__ptext9                 text9        0002D0
__ramtop                 ramtop       000300
__size_of_RXpayload      (abs)        000000
__size_of_TXpayload      (abs)        000000
__size_of_Trigger_Triac  (abs)        000000
__size_of_delay_ms       (abs)        000000
__size_of_init_hardware  (abs)        000000
__size_of_init_nrf       (abs)        000000
__size_of_init_spi       (abs)        000000
__size_of_main           (abs)        000000
__size_of_nrf_FLUSH_RX   (abs)        000000
__size_of_nrf_FLUSH_TX   (abs)        000000
__size_of_rx_mode        (abs)        000000
__size_of_rxdt           (abs)        000000
__size_of_send_data      (abs)        000000
__size_of_send_init      (abs)        000000
__size_of_tx_mode        (abs)        000000
__size_of_xmitbyte       (abs)        000000
__smallconst             smallconst   000000
_count                   bssCOMRAM    00001E
_delay_ms                text14       00045E
_device_1                bssCOMRAM    000021
_device_2                bssCOMRAM    000022
_device_3                bssCOMRAM    000023
_device_4                bssCOMRAM    000024
_init_hardware           text8        000360
_init_nrf                text9        0002D0
_init_spi                text7        00048C
_main                    text0        000210
_nrf_FLUSH_RX            text12       0004A4
_nrf_FLUSH_TX            text11       000498
_rx_mode                 text10       000410
_rxdat                   bssCOMRAM    000025
_rxdt                    text2        000030
_send_data               text3        00019E
_send_init               text1        00031A
_tx_mode                 text4        000438
_txdat                   bssCOMRAM    00002F
_xmitbyte                text13       000128
btemp                    temp         000045
delay_ms@del             cstackCOMRAM 000001
end_of_initialization    cinit        0003CE
int$flags                temp         000045
intlevel0                text         000000
intlevel1                text         000000
intlevel2                text         000000
intlevel3                text         000000
main@F3175               dataCOMRAM   000039
main@ch                  cstackCOMRAM 000018
rxdt@F3184               dataCOMRAM   00003F
rxdt@adc1                cstackCOMRAM 000016
rxdt@adc2                cstackCOMRAM 000017
rxdt@ch1                 cstackCOMRAM 00000F
rxdt@tmp                 cstackCOMRAM 000015
send_data@bytes          cstackCOMRAM 00000C
send_data@pack_type      cstackCOMRAM 00000B
stackhi                  (abs)        0002FF
stacklo                  (abs)        000060
start                    init         00002C
start_initialization     cinit        0003A2
xmitbyte@dat_a           cstackCOMRAM 000003
xmitbyte@rxdat           cstackCOMRAM 000004
xmitbyte@tempc           cstackCOMRAM 000005


FUNCTION INFORMATION:

 *************** function _main *****************
 Defined at:
		line 183 in file "pic18_nrf.c"
 Parameters:    Size  Location     Type
		None
 Auto vars:     Size  Location     Type
  ch              6   23[COMRAM] unsigned char [6]
 Return value:  Size  Location     Type
                  2  107[None  ] int 
 Registers used:
		wreg, fsr1l, fsr1h, fsr2l, fsr2h, status,2, status,0, cstack
 Tracked objects:
		On entry : 
		On exit  : 
		Unchanged: 
 Data sizes:     COMRAM   BANK0   BANK1   BANK2
      Params:         0       0       0       0
      Locals:         6       0       0       0
      Temps:          0       0       0       0
      Totals:         6       0       0       0
Total ram usage:        6 bytes
 Hardware stack levels required when called:    6
 This function calls:
		_delay_ms
		_init_hardware
		_init_nrf
		_init_spi
		_rxdt
		_send_data
		_send_init
 This function is called by:
		Startup code after reset
 This function uses a non-reentrant model


 *************** function _send_init *****************
 Defined at:
		line 236 in file "pic18_nrf.c"
 Parameters:    Size  Location     Type
		None
 Auto vars:     Size  Location     Type
		None
 Return value:  Size  Location     Type
		None               void
 Registers used:
		wreg, fsr2l, fsr2h, status,2, status,0, cstack
 Tracked objects:
		On entry : 
		On exit  : 
		Unchanged: 
 Data sizes:     COMRAM   BANK0   BANK1   BANK2
      Params:         0       0       0       0
      Locals:         0       0       0       0
      Temps:          0       0       0       0
      Totals:         0       0       0       0
Total ram usage:        0 bytes
 Hardware stack levels used:    1
 Hardware stack levels required when called:    4
 This function calls:
		_TXpayload
		_delay_ms
		_rx_mode
		_tx_mode
 This function is called by:
		_main
 This function uses a non-reentrant model


 *************** function _rxdt *****************
 Defined at:
		line 304 in file "pic18_nrf.c"
 Parameters:    Size  Location     Type
		None
 Auto vars:     Size  Location     Type
  ch1             6   14[COMRAM] unsigned char [6]
  adc2            1   22[COMRAM] unsigned char 
  adc1            1   21[COMRAM] unsigned char 
  tmp             1   20[COMRAM] unsigned char 
 Return value:  Size  Location     Type
                  2   12[COMRAM] int 
 Registers used:
		wreg, fsr1l, fsr1h, fsr2l, fsr2h, status,2, status,0, cstack
 Tracked objects:
		On entry : 
		On exit  : 
		Unchanged: 
 Data sizes:     COMRAM   BANK0   BANK1   BANK2
      Params:         2       0       0       0
      Locals:         9       0       0       0
      Temps:          0       0       0       0
      Totals:        11       0       0       0
Total ram usage:       11 bytes
 Hardware stack levels used:    1
 Hardware stack levels required when called:    5
 This function calls:
		_RXpayload
		_delay_ms
		_nrf_FLUSH_RX
		_send_data
		_xmitbyte
 This function is called by:
		_main
 This function uses a non-reentrant model


 *************** function _send_data *****************
 Defined at:
		line 257 in file "pic18_nrf.c"
 Parameters:    Size  Location     Type
  bytes           1    wreg     PTR unsigned char 
		 -> rxdt@ch1(6), main@ch(6), 
  pack_type       1   10[COMRAM] unsigned char 
 Auto vars:     Size  Location     Type
  bytes           1   11[COMRAM] PTR unsigned char 
		 -> rxdt@ch1(6), main@ch(6), 
 Return value:  Size  Location     Type
		None               void
 Registers used:
		wreg, fsr2l, fsr2h, status,2, status,0, cstack
 Tracked objects:
		On entry : 
		On exit  : 
		Unchanged: 
 Data sizes:     COMRAM   BANK0   BANK1   BANK2
      Params:         1       0       0       0
      Locals:         1       0       0       0
      Temps:          0       0       0       0
      Totals:         2       0       0       0
Total ram usage:        2 bytes
 Hardware stack levels used:    1
 Hardware stack levels required when called:    4
 This function calls:
		_TXpayload
		_rx_mode
		_tx_mode
 This function is called by:
		_main
		_rxdt
 This function uses a non-reentrant model


 *************** function _tx_mode *****************
 Defined at:
		line 142 in file "nrf24.c"
 Parameters:    Size  Location     Type
		None
 Auto vars:     Size  Location     Type
		None
 Return value:  Size  Location     Type
		None               void
 Registers used:
		wreg, status,2, status,0, cstack
 Tracked objects:
		On entry : 
		On exit  : 
		Unchanged: 
 Data sizes:     COMRAM   BANK0   BANK1   BANK2
      Params:         0       0       0       0
      Locals:         0       0       0       0
      Temps:          1       0       0       0
      Totals:         1       0       0       0
Total ram usage:        1 bytes
 Hardware stack levels used:    1
 Hardware stack levels required when called:    2
 This function calls:
		_xmitbyte
 This function is called by:
		_send_init
		_send_data
 This function uses a non-reentrant model


 *************** function _TXpayload *****************
 Defined at:
		line 154 in file "nrf24.c"
 Parameters:    Size  Location     Type
  pload           1    wreg     PTR unsigned char 
		 -> txdat(10), 
 Auto vars:     Size  Location     Type
  pload           1    7[COMRAM] PTR unsigned char 
		 -> txdat(10), 
  tcount          2    8[COMRAM] int 
 Return value:  Size  Location     Type
		None               void
 Registers used:
		wreg, fsr2l, fsr2h, status,2, status,0, cstack
 Tracked objects:
		On entry : 
		On exit  : 
		Unchanged: 
 Data sizes:     COMRAM   BANK0   BANK1   BANK2
      Params:         0       0       0       0
      Locals:         3       0       0       0
      Temps:          1       0       0       0
      Totals:         4       0       0       0
Total ram usage:        4 bytes
 Hardware stack levels used:    1
 Hardware stack levels required when called:    3
 This function calls:
		_nrf_FLUSH_TX
		_xmitbyte
 This function is called by:
		_send_init
		_send_data
 This function uses a non-reentrant model


 *************** function _RXpayload *****************
 Defined at:
		line 187 in file "nrf24.c"
 Parameters:    Size  Location     Type
  pload           1    wreg     PTR unsigned char 
		 -> rxdat(10), 
 Auto vars:     Size  Location     Type
  pload           1    6[COMRAM] PTR unsigned char 
		 -> rxdat(10), 
  tcount          2    7[COMRAM] int 
 Return value:  Size  Location     Type
		None               void
 Registers used:
		wreg, fsr2l, fsr2h, status,2, status,0, cstack
 Tracked objects:
		On entry : 
		On exit  : 
		Unchanged: 
 Data sizes:     COMRAM   BANK0   BANK1   BANK2
      Params:         0       0       0       0
      Locals:         3       0       0       0
      Temps:          0       0       0       0
      Totals:         3       0       0       0
Total ram usage:        3 bytes
 Hardware stack levels used:    1
 Hardware stack levels required when called:    2
 This function calls:
		_xmitbyte
 This function is called by:
		_rxdt
 This function uses a non-reentrant model


 *************** function _init_spi *****************
 Defined at:
		line 27 in file "nrf24.c"
 Parameters:    Size  Location     Type
		None
 Auto vars:     Size  Location     Type
		None
 Return value:  Size  Location     Type
		None               void
 Registers used:
		None
 Tracked objects:
		On entry : 
		On exit  : 
		Unchanged: 
 Data sizes:     COMRAM   BANK0   BANK1   BANK2
      Params:         0       0       0       0
      Locals:         0       0       0       0
      Temps:          0       0       0       0
      Totals:         0       0       0       0
Total ram usage:        0 bytes
 Hardware stack levels used:    1
 Hardware stack levels required when called:    1
 This function calls:
		Nothing
 This function is called by:
		_main
 This function uses a non-reentrant model


 *************** function _init_hardware *****************
 Defined at:
		line 275 in file "pic18_nrf.c"
 Parameters:    Size  Location     Type
		None
 Auto vars:     Size  Location     Type
		None
 Return value:  Size  Location     Type
		None               void
 Registers used:
		wreg, status,2, status,0, cstack
 Tracked objects:
		On entry : 
		On exit  : 
		Unchanged: 
 Data sizes:     COMRAM   BANK0   BANK1   BANK2
      Params:         0       0       0       0
      Locals:         0       0       0       0
      Temps:          0       0       0       0
      Totals:         0       0       0       0
Total ram usage:        0 bytes
 Hardware stack levels used:    1
 Hardware stack levels required when called:    4
 This function calls:
		_init_nrf
 This function is called by:
		_main
 This function uses a non-reentrant model


 *************** function _init_nrf *****************
 Defined at:
		line 71 in file "nrf24.c"
 Parameters:    Size  Location     Type
		None
 Auto vars:     Size  Location     Type
		None
 Return value:  Size  Location     Type
		None               void
 Registers used:
		wreg, status,2, status,0, cstack
 Tracked objects:
		On entry : 
		On exit  : 
		Unchanged: 
 Data sizes:     COMRAM   BANK0   BANK1   BANK2
      Params:         0       0       0       0
      Locals:         0       0       0       0
      Temps:          0       0       0       0
      Totals:         0       0       0       0
Total ram usage:        0 bytes
 Hardware stack levels used:    1
 Hardware stack levels required when called:    3
 This function calls:
		_delay_ms
		_nrf_FLUSH_RX
		_nrf_FLUSH_TX
		_rx_mode
		_xmitbyte
 This function is called by:
		_main
		_init_hardware
 This function uses a non-reentrant model


 *************** function _rx_mode *****************
 Defined at:
		line 129 in file "nrf24.c"
 Parameters:    Size  Location     Type
		None
 Auto vars:     Size  Location     Type
		None
 Return value:  Size  Location     Type
		None               void
 Registers used:
		wreg, status,2, status,0, cstack
 Tracked objects:
		On entry : 
		On exit  : 
		Unchanged: 
 Data sizes:     COMRAM   BANK0   BANK1   BANK2
      Params:         0       0       0       0
      Locals:         0       0       0       0
      Temps:          1       0       0       0
      Totals:         1       0       0       0
Total ram usage:        1 bytes
 Hardware stack levels used:    1
 Hardware stack levels required when called:    2
 This function calls:
		_xmitbyte
 This function is called by:
		_send_init
		_send_data
		_init_nrf
 This function uses a non-reentrant model


 *************** function _nrf_FLUSH_TX *****************
 Defined at:
		line 115 in file "nrf24.c"
 Parameters:    Size  Location     Type
		None
 Auto vars:     Size  Location     Type
		None
 Return value:  Size  Location     Type
		None               void
 Registers used:
		wreg, status,2, status,0, cstack
 Tracked objects:
		On entry : 
		On exit  : 
		Unchanged: 
 Data sizes:     COMRAM   BANK0   BANK1   BANK2
      Params:         0       0       0       0
      Locals:         0       0       0       0
      Temps:          0       0       0       0
      Totals:         0       0       0       0
Total ram usage:        0 bytes
 Hardware stack levels used:    1
 Hardware stack levels required when called:    2
 This function calls:
		_xmitbyte
 This function is called by:
		_init_nrf
		_TXpayload
 This function uses a non-reentrant model


 *************** function _nrf_FLUSH_RX *****************
 Defined at:
		line 122 in file "nrf24.c"
 Parameters:    Size  Location     Type
		None
 Auto vars:     Size  Location     Type
		None
 Return value:  Size  Location     Type
		None               void
 Registers used:
		wreg, status,2, status,0, cstack
 Tracked objects:
		On entry : 
		On exit  : 
		Unchanged: 
 Data sizes:     COMRAM   BANK0   BANK1   BANK2
      Params:         0       0       0       0
      Locals:         0       0       0       0
      Temps:          0       0       0       0
      Totals:         0       0       0       0
Total ram usage:        0 bytes
 Hardware stack levels used:    1
 Hardware stack levels required when called:    2
 This function calls:
		_xmitbyte
 This function is called by:
		_rxdt
		_init_nrf
 This function uses a non-reentrant model


 *************** function _xmitbyte *****************
 Defined at:
		line 40 in file "nrf24.c"
 Parameters:    Size  Location     Type
  dat_a           1    wreg     unsigned char 
 Auto vars:     Size  Location     Type
  dat_a           1    2[COMRAM] unsigned char 
  tempc           2    4[COMRAM] int 
  rxdat           1    3[COMRAM] unsigned char 
 Return value:  Size  Location     Type
                  1    wreg      unsigned char 
 Registers used:
		wreg, status,2, status,0
 Tracked objects:
		On entry : 
		On exit  : 
		Unchanged: 
 Data sizes:     COMRAM   BANK0   BANK1   BANK2
      Params:         0       0       0       0
      Locals:         4       0       0       0
      Temps:          2       0       0       0
      Totals:         6       0       0       0
Total ram usage:        6 bytes
 Hardware stack levels used:    1
 Hardware stack levels required when called:    1
 This function calls:
		Nothing
 This function is called by:
		_rxdt
		_init_nrf
		_nrf_FLUSH_TX
		_nrf_FLUSH_RX
		_rx_mode
		_tx_mode
		_TXpayload
		_RXpayload
 This function uses a non-reentrant model


 *************** function _delay_ms *****************
 Defined at:
		line 10 in file "hardware.c"
 Parameters:    Size  Location     Type
  del             2    0[COMRAM] int 
 Auto vars:     Size  Location     Type
		None
 Return value:  Size  Location     Type
		None               void
 Registers used:
		wreg, status,2, status,0
 Tracked objects:
		On entry : 
		On exit  : 
		Unchanged: 
 Data sizes:     COMRAM   BANK0   BANK1   BANK2
      Params:         2       0       0       0
      Locals:         0       0       0       0
      Temps:          1       0       0       0
      Totals:         3       0       0       0
Total ram usage:        3 bytes
 Hardware stack levels used:    1
 Hardware stack levels required when called:    1
 This function calls:
		Nothing
 This function is called by:
		_main
		_send_init
		_rxdt
		_init_nrf
 This function uses a non-reentrant model


 *************** function _Trigger_Triac *****************
 Defined at:
		line 144 in file "pic18_nrf.c"
 Parameters:    Size  Location     Type
		None
 Auto vars:     Size  Location     Type
		None
 Return value:  Size  Location     Type
		None               void
 Registers used:
		wreg, status,2, status,0
 Tracked objects:
		On entry : 
		On exit  : 
		Unchanged: 
 Data sizes:     COMRAM   BANK0   BANK1   BANK2
      Params:         0       0       0       0
      Locals:         0       0       0       0
      Temps:          0       0       0       0
      Totals:         0       0       0       0
Total ram usage:        0 bytes
 Hardware stack levels used:    1
 This function calls:
		Nothing
 This function is called by:
		Interrupt level 2
 This function uses a non-reentrant model



MODULE INFORMATION

Module		Function		Class		Link	Load	Size
nrf24.c
		_init_spi      		CODE           	048C	0000	13
		_rx_mode       		CODE           	0410	0000	41
		_tx_mode       		CODE           	0438	0000	39
		_RXpayload     		CODE           	03DC	0000	53
		_TXpayload     		CODE           	027E	0000	83
		_xmitbyte      		CODE           	0128	0000	119
		_init_nrf      		CODE           	02D0	0000	75
		_nrf_FLUSH_RX  		CODE           	04A4	0000	13
		_nrf_FLUSH_TX  		CODE           	0498	0000	13

nrf24.c estimated size: 449

pic18_nrf.c
		_init_hardware 		CODE           	0360	0000	67
		_rxdt          		CODE           	0030	0000	249
		_send_data     		CODE           	019E	0000	115
		_main          		CODE           	0210	0000	111
		_Trigger_Triac 		CODE           	0008	0000	37
		_send_init     		CODE           	031A	0000	71

pic18_nrf.c estimated size: 650

shared
		__initialization		CODE           	03A2	0000	45

shared estimated size: 45

hardware.c
		_delay_ms      		CODE           	045E	0000	35

hardware.c estimated size: 35

